2026-05-14 20:05:36 [main] INFO  org.testng.internal.Utils - [TestNG] Running:
  C:\Users\admin\AppData\Local\JetBrains\IntelliJIdea2025.3\temp-testng-customsuite.xml

2026-05-14 20:05:49 [main] INFO  testCases.TC001_AccountRegistrationTest - **** Starting TC001_AccountRegistrationTest ****
2026-05-14 20:05:49 [main] INFO  testCases.TC001_AccountRegistrationTest - Clicked on Myaccount Link..
2026-05-14 20:05:50 [main] INFO  testCases.TC001_AccountRegistrationTest - Clicked on Register Link..
2026-05-14 20:05:50 [main] INFO  testCases.TC001_AccountRegistrationTest - Providing customer details..
2026-05-14 20:05:52 [main] INFO  testCases.TC001_AccountRegistrationTest - Validating expected message..
2026-05-14 20:05:52 [main] INFO  testCases.TC001_AccountRegistrationTest - **** finished TC001_AccountRegistrationTest ****
2026-05-14 20:09:19 [main] INFO  org.testng.internal.Utils - [TestNG] Running:
  C:\Users\admin\AppData\Local\JetBrains\IntelliJIdea2025.3\temp-testng-customsuite.xml

2026-05-14 20:09:38 [main] INFO  testCases.TC001_AccountRegistrationTest - **** Starting TC001_AccountRegistrationTest ****
2026-05-14 20:09:38 [main] INFO  testCases.TC001_AccountRegistrationTest - Clicked on Myaccount Link..
2026-05-14 20:09:39 [main] INFO  testCases.TC001_AccountRegistrationTest - Clicked on Register Link..
2026-05-14 20:09:39 [main] INFO  testCases.TC001_AccountRegistrationTest - Providing customer details..
2026-05-14 20:09:42 [main] INFO  testCases.TC001_AccountRegistrationTest - Validating expected message..
2026-05-14 20:09:42 [main] INFO  testCases.TC001_AccountRegistrationTest - **** finished TC001_AccountRegistrationTest ****
2026-05-14 20:17:32 [main] INFO  org.testng.internal.Utils - [TestNG] Running:
  C:\Users\admin\AppData\Local\JetBrains\IntelliJIdea2025.3\temp-testng-customsuite.xml

2026-05-14 20:17:41 [main] INFO  testCases.TC001_AccountRegistrationTest - **** Starting TC001_AccountRegistrationTest ****
2026-05-14 20:17:41 [main] INFO  testCases.TC001_AccountRegistrationTest - Clicked on Myaccount Link..
2026-05-14 20:17:42 [main] INFO  testCases.TC001_AccountRegistrationTest - Clicked on Register Link..
2026-05-14 20:17:42 [main] INFO  testCases.TC001_AccountRegistrationTest - Providing customer details..
2026-05-14 20:17:45 [main] INFO  testCases.TC001_AccountRegistrationTest - Validating expected message..
2026-05-14 20:17:45 [main] INFO  testCases.TC001_AccountRegistrationTest - **** finished TC001_AccountRegistrationTest ****
2026-05-14 20:25:44 [main] INFO  org.testng.internal.Utils - [TestNG] Running:
  C:\Users\admin\AppData\Local\JetBrains\IntelliJIdea2025.3\temp-testng-customsuite.xml

2026-05-14 20:25:57 [main] INFO  testCases.TC001_AccountRegistrationTest - **** Starting TC001_AccountRegistrationTest ****
2026-05-14 20:25:57 [main] INFO  testCases.TC001_AccountRegistrationTest - Clicked on Myaccount Link..
2026-05-14 20:25:58 [main] INFO  testCases.TC001_AccountRegistrationTest - Clicked on Register Link..
2026-05-14 20:25:58 [main] INFO  testCases.TC001_AccountRegistrationTest - Providing customer details..
2026-05-14 20:26:01 [main] INFO  testCases.TC001_AccountRegistrationTest - Validating expected message..
2026-05-14 20:26:01 [main] INFO  testCases.TC001_AccountRegistrationTest - **** finished TC001_AccountRegistrationTest ****
2026-05-14 20:53:56 [main] INFO  org.testng.internal.Utils - [TestNG] Running:
  C:\Users\admin\AppData\Local\JetBrains\IntelliJIdea2025.3\temp-testng-customsuite.xml

2026-05-14 20:55:15 [main] INFO  org.testng.internal.Utils - [TestNG] Running:
  C:\Users\admin\AppData\Local\JetBrains\IntelliJIdea2025.3\temp-testng-customsuite.xml

2026-05-14 20:59:33 [main] INFO  org.testng.internal.Utils - [TestNG] Running:
  C:\Users\admin\AppData\Local\JetBrains\IntelliJIdea2025.3\temp-testng-customsuite.xml

2026-05-14 21:00:25 [main] INFO  org.testng.internal.Utils - [TestNG] Running:
  C:\Users\admin\AppData\Local\JetBrains\IntelliJIdea2025.3\temp-testng-customsuite.xml

2026-05-14 21:02:54 [main] INFO  org.testng.internal.Utils - [TestNG] Running:
  C:\Users\admin\IdeaProjects\OpenCartFramework\testng.xml

2026-05-14 21:04:17 [main] INFO  org.testng.internal.Utils - [TestNG] Running:
  C:\Users\admin\IdeaProjects\OpenCartFramework\testng.xml

2026-05-14 21:11:09 [main] INFO  org.testng.internal.Utils - [TestNG] Running:
  C:\Users\admin\IdeaProjects\OpenCartFramework\crossbrowserParelleltestng.xml

2026-05-14 21:11:25 [main] INFO  testCases.TC001_AccountRegistrationTest - **** Starting TC001_AccountRegistrationTest ****
2026-05-14 21:11:25 [main] INFO  testCases.TC001_AccountRegistrationTest - Clicked on Myaccount Link..
2026-05-14 21:11:27 [main] INFO  testCases.TC001_AccountRegistrationTest - Clicked on Register Link..
2026-05-14 21:11:27 [main] INFO  testCases.TC001_AccountRegistrationTest - Providing customer details..
2026-05-14 21:11:29 [main] INFO  testCases.TC001_AccountRegistrationTest - Validating expected message..
2026-05-14 21:11:30 [main] INFO  testCases.TC001_AccountRegistrationTest - **** finished TC001_AccountRegistrationTest ****
2026-05-14 21:14:48 [main] INFO  org.testng.internal.Utils - [TestNG] Running:
  C:\Users\admin\IdeaProjects\OpenCartFramework\crossbrowserParelleltestng.xml

2026-05-14 21:17:01 [main] INFO  org.testng.internal.Utils - [TestNG] Running:
  C:\Users\admin\IdeaProjects\OpenCartFramework\crossbrowserParelleltestng.xml

2026-05-17 09:58:05 [main] INFO  org.testng.internal.Utils - [TestNG] Running:
  C:\Users\admin\IdeaProjects\OpenCartFramework\testng.xml

2026-05-17 09:58:53 [main] INFO  org.testng.internal.Utils - [TestNG] Running:
  C:\Users\admin\IdeaProjects\OpenCartFramework\crossbrowserParelleltestng.xml

2026-05-17 10:58:55 [main] INFO  org.testng.internal.Utils - [TestNG] Running:
  C:\Users\admin\AppData\Local\JetBrains\IntelliJIdea2025.3\temp-testng-customsuite.xml

2026-05-17 10:59:54 [main] INFO  org.testng.internal.Utils - [TestNG] Running:
  C:\Users\admin\AppData\Local\JetBrains\IntelliJIdea2025.3\temp-testng-customsuite.xml

2026-05-17 11:11:37 [main] INFO  org.testng.internal.Utils - [TestNG] Running:
  C:\Users\admin\AppData\Local\JetBrains\IntelliJIdea2025.3\temp-testng-customsuite.xml

2026-05-17 11:20:12 [main] INFO  org.testng.internal.Utils - [TestNG] Running:
  C:\Users\admin\IdeaProjects\OpenCartFramework\testng.xml

2026-05-17 11:20:12 [main] INFO  testCases.TC002_LoginTest - *** Starting TC002_LoginTest ***
2026-05-17 11:20:32 [main] INFO  org.testng.internal.Utils - [TestNG] Running:
  C:\Users\admin\IdeaProjects\OpenCartFramework\testng.xml

2026-05-17 11:22:21 [main] INFO  org.testng.internal.Utils - [TestNG] Running:
  C:\Users\admin\IdeaProjects\OpenCartFramework\testng.xml

2026-05-17 11:26:17 [main] INFO  org.testng.internal.Utils - [TestNG] Running:
  C:\Users\admin\IdeaProjects\OpenCartFramework\testng.xml

2026-05-17 11:26:33 [main] INFO  testCases.TC002_LoginTest - *** Starting TC002_LoginTest ***
2026-05-17 11:30:39 [main] INFO  org.testng.internal.Utils - [TestNG] Running:
  C:\Users\admin\IdeaProjects\OpenCartFramework\testng.xml

2026-05-17 11:30:44 [main] INFO  testCases.TC002_LoginTest - *** Starting TC002_LoginTest ***
2026-05-17 11:33:33 [main] INFO  org.testng.internal.Utils - [TestNG] Running:
  C:\Users\admin\IdeaProjects\OpenCartFramework\testng.xml

2026-05-17 11:33:40 [main] INFO  testCases.TC002_LoginTest - *** Starting TC002_LoginTest ***
2026-05-17 11:38:41 [main] INFO  org.testng.internal.Utils - [TestNG] Running:
  C:\Users\admin\IdeaProjects\OpenCartFramework\testng.xml

2026-05-17 11:38:53 [main] INFO  testCases.TC002_LoginTest - *** Starting TC002_LoginTest ***
2026-05-17 11:55:50 [main] INFO  org.testng.internal.Utils - [TestNG] Running:
  C:\Users\admin\AppData\Local\JetBrains\IntelliJIdea2025.3\temp-testng-customsuite.xml

2026-05-17 11:56:01 [main] INFO  org.testng.internal.Utils - [TestNG] Running:
  C:\Users\admin\IdeaProjects\OpenCartFramework\testng.xml

2026-05-17 11:56:16 [main] INFO  testCases.TC002_LoginTest - *** Starting TC002_LoginTest ***
2026-05-17 11:58:02 [main] INFO  org.testng.internal.Utils - [TestNG] Running:
  C:\Users\admin\IdeaProjects\OpenCartFramework\testng.xml

2026-05-17 11:58:07 [main] INFO  testCases.TC002_LoginTest - *** Starting TC002_LoginTest ***
2026-05-17 11:58:13 [main] INFO  testCases.TC002_LoginTest - *** Finished TC002_LoginTest ***
2026-05-18 07:28:34 [main] INFO  org.testng.internal.Utils - [TestNG] Running:
  C:\Users\admin\IdeaProjects\OpenCartFramework\testng.xml

2026-05-18 07:28:44 [main] INFO  testCases.TC003_Logindatadriventest - *** Starting TC003_LoginDDT Test****
2026-05-18 07:28:49 [main] INFO  testCases.TC003_Logindatadriventest - *** Finished TC003_LoginDDT Test***
2026-05-18 07:28:49 [main] INFO  testCases.TC003_Logindatadriventest - *** Starting TC003_LoginDDT Test****
2026-05-18 07:29:00 [main] INFO  testCases.TC003_Logindatadriventest - *** Starting TC003_LoginDDT Test****
2026-05-18 07:29:12 [main] INFO  testCases.TC003_Logindatadriventest - *** Starting TC003_LoginDDT Test****
2026-05-18 07:29:24 [main] INFO  testCases.TC003_Logindatadriventest - *** Starting TC003_LoginDDT Test****
2026-05-18 07:29:27 [main] INFO  testCases.TC003_Logindatadriventest - *** Finished TC003_LoginDDT Test***
2026-05-18 08:19:20 [main] INFO  org.testng.internal.Utils - [TestNG] Running:
  C:\Users\admin\IdeaProjects\OpenCartFramework\grouping.xml

2026-05-18 08:19:28 [main] INFO  testCases.TC001_AccountRegistrationTest - **** Starting TC001_AccountRegistrationTest ****
2026-05-18 08:19:28 [main] INFO  testCases.TC001_AccountRegistrationTest - Clicked on Myaccount Link..
2026-05-18 08:19:29 [main] INFO  testCases.TC001_AccountRegistrationTest - Clicked on Register Link..
2026-05-18 08:19:29 [main] INFO  testCases.TC001_AccountRegistrationTest - Providing customer details..
2026-05-18 08:19:33 [main] INFO  testCases.TC001_AccountRegistrationTest - Validating expected message..
2026-05-18 08:19:33 [main] INFO  testCases.TC001_AccountRegistrationTest - **** finished TC001_AccountRegistrationTest ****
2026-05-18 08:19:38 [main] INFO  testCases.TC002_LoginTest - *** Starting TC002_LoginTest ***
2026-05-18 08:19:45 [main] INFO  testCases.TC002_LoginTest - *** Finished TC002_LoginTest ***
2026-05-18 08:22:23 [main] INFO  org.testng.internal.Utils - [TestNG] Running:
  C:\Users\admin\IdeaProjects\OpenCartFramework\grouping.xml

2026-05-18 08:22:28 [main] INFO  testCases.TC002_LoginTest - *** Starting TC002_LoginTest ***
2026-05-18 08:22:34 [main] INFO  testCases.TC002_LoginTest - *** Finished TC002_LoginTest ***
2026-05-18 19:18:08 [main] INFO  org.testng.internal.Utils - [TestNG] Running:
  C:\Users\admin\IdeaProjects\OpenCartFramework\testng.xml

2026-05-18 19:18:19 [main] INFO  testCases.TC003_Logindatadriventest - *** Starting TC003_LoginDDT Test****
2026-05-18 19:18:23 [main] INFO  testCases.TC003_Logindatadriventest - *** Finished TC003_LoginDDT Test***
2026-05-18 19:18:23 [main] INFO  testCases.TC003_Logindatadriventest - *** Starting TC003_LoginDDT Test****
2026-05-18 19:18:35 [main] INFO  testCases.TC003_Logindatadriventest - *** Starting TC003_LoginDDT Test****
2026-05-18 19:18:47 [main] INFO  testCases.TC003_Logindatadriventest - *** Starting TC003_LoginDDT Test****
2026-05-18 19:18:59 [main] INFO  testCases.TC003_Logindatadriventest - *** Starting TC003_LoginDDT Test****
2026-05-18 19:19:10 [main] INFO  testCases.TC003_Logindatadriventest - *** Finished TC003_LoginDDT Test***
2026-05-18 19:22:18 [main] INFO  org.testng.internal.Utils - [TestNG] Running:
  C:\Users\admin\IdeaProjects\OpenCartFramework\grouping.xml

2026-05-18 19:22:25 [main] INFO  testCases.TC001_AccountRegistrationTest - **** Starting TC001_AccountRegistrationTest ****
2026-05-18 19:22:25 [main] INFO  testCases.TC001_AccountRegistrationTest - Clicked on Myaccount Link..
2026-05-18 19:22:26 [main] INFO  testCases.TC001_AccountRegistrationTest - Clicked on Register Link..
2026-05-18 19:22:26 [main] INFO  testCases.TC001_AccountRegistrationTest - Providing customer details..
2026-05-18 19:22:29 [main] INFO  testCases.TC001_AccountRegistrationTest - Validating expected message..
2026-05-18 19:22:29 [main] INFO  testCases.TC001_AccountRegistrationTest - **** finished TC001_AccountRegistrationTest ****
2026-05-18 19:22:33 [main] INFO  testCases.TC002_LoginTest - *** Starting TC002_LoginTest ***
2026-05-18 19:22:41 [main] INFO  testCases.TC002_LoginTest - *** Finished TC002_LoginTest ***
2026-05-19 15:09:29 [main] INFO  org.testng.internal.Utils - [TestNG] Running:
  C:\Users\admin\IdeaProjects\OpenCartFramework\grouping.xml

2026-05-19 15:09:39 [main] INFO  testCases.TC001_AccountRegistrationTest - **** Starting TC001_AccountRegistrationTest ****
2026-05-19 15:09:40 [main] INFO  testCases.TC001_AccountRegistrationTest - Clicked on Myaccount Link..
2026-05-19 15:09:40 [main] INFO  testCases.TC001_AccountRegistrationTest - Clicked on Register Link..
2026-05-19 15:09:41 [main] INFO  testCases.TC001_AccountRegistrationTest - Providing customer details..
2026-05-19 15:09:44 [main] INFO  testCases.TC001_AccountRegistrationTest - Validating expected message..
2026-05-19 15:09:44 [main] INFO  testCases.TC001_AccountRegistrationTest - **** finished TC001_AccountRegistrationTest ****
2026-05-19 15:09:49 [main] INFO  testCases.TC002_LoginTest - *** Starting TC002_LoginTest ***
2026-05-19 15:36:21 [main] INFO  org.testng.internal.Utils - [TestNG] Running:
  C:\Users\admin\IdeaProjects\OpenCartFramework\grouping.xml

2026-05-19 15:36:29 [main] INFO  testCases.TC001_AccountRegistrationTest - **** Starting TC001_AccountRegistrationTest ****
2026-05-19 15:36:29 [main] INFO  testCases.TC001_AccountRegistrationTest - Clicked on Myaccount Link..
2026-05-19 15:36:30 [main] INFO  testCases.TC001_AccountRegistrationTest - Clicked on Register Link..
2026-05-19 15:36:30 [main] INFO  testCases.TC001_AccountRegistrationTest - Providing customer details..
2026-05-19 15:36:34 [main] INFO  testCases.TC001_AccountRegistrationTest - Validating expected message..
2026-05-19 15:36:34 [main] INFO  testCases.TC001_AccountRegistrationTest - **** finished TC001_AccountRegistrationTest ****
2026-05-19 15:36:38 [main] INFO  testCases.TC002_LoginTest - *** Starting TC002_LoginTest ***
2026-05-19 15:47:44 [main] INFO  org.testng.internal.Utils - [TestNG] Running:
  C:\Users\admin\IdeaProjects\OpenCartFramework\grouping.xml

2026-05-19 15:47:53 [main] INFO  testCases.TC001_AccountRegistrationTest - **** Starting TC001_AccountRegistrationTest ****
2026-05-19 15:47:53 [main] INFO  testCases.TC001_AccountRegistrationTest - Clicked on Myaccount Link..
2026-05-19 15:47:55 [main] INFO  testCases.TC001_AccountRegistrationTest - Clicked on Register Link..
2026-05-19 15:47:55 [main] INFO  testCases.TC001_AccountRegistrationTest - Providing customer details..
2026-05-19 15:47:57 [main] INFO  testCases.TC001_AccountRegistrationTest - Validating expected message..
2026-05-19 15:47:57 [main] INFO  testCases.TC001_AccountRegistrationTest - **** finished TC001_AccountRegistrationTest ****
2026-05-19 15:48:02 [main] INFO  testCases.TC002_LoginTest - *** Starting TC002_LoginTest ***
2026-05-19 15:57:22 [main] INFO  org.testng.internal.Utils - [TestNG] Running:
  C:\Users\admin\IdeaProjects\OpenCartFramework\grouping.xml

2026-05-19 15:57:29 [main] INFO  testCases.TC001_AccountRegistrationTest - **** Starting TC001_AccountRegistrationTest ****
2026-05-19 15:57:29 [main] INFO  testCases.TC001_AccountRegistrationTest - Clicked on Myaccount Link..
2026-05-19 15:57:30 [main] INFO  testCases.TC001_AccountRegistrationTest - Clicked on Register Link..
2026-05-19 15:57:30 [main] INFO  testCases.TC001_AccountRegistrationTest - Providing customer details..
2026-05-19 15:57:32 [main] INFO  testCases.TC001_AccountRegistrationTest - Validating expected message..
2026-05-19 15:57:32 [main] INFO  testCases.TC001_AccountRegistrationTest - **** finished TC001_AccountRegistrationTest ****
2026-05-19 15:57:36 [main] INFO  testCases.TC002_LoginTest - *** Starting TC002_LoginTest ***
2026-05-19 15:59:36 [main] INFO  org.testng.internal.Utils - [TestNG] Running:
  C:\Users\admin\IdeaProjects\OpenCartFramework\grouping.xml

2026-05-19 15:59:42 [main] INFO  testCases.TC001_AccountRegistrationTest - **** Starting TC001_AccountRegistrationTest ****
2026-05-19 15:59:42 [main] INFO  testCases.TC001_AccountRegistrationTest - Clicked on Myaccount Link..
2026-05-19 15:59:42 [main] INFO  testCases.TC001_AccountRegistrationTest - Clicked on Register Link..
2026-05-19 15:59:42 [main] INFO  testCases.TC001_AccountRegistrationTest - Providing customer details..
2026-05-19 15:59:45 [main] INFO  testCases.TC001_AccountRegistrationTest - Validating expected message..
2026-05-19 15:59:45 [main] INFO  testCases.TC001_AccountRegistrationTest - **** finished TC001_AccountRegistrationTest ****
2026-05-19 15:59:49 [main] INFO  testCases.TC002_LoginTest - *** Starting TC002_LoginTest ***
2026-05-21 12:51:16 [main] INFO  org.testng.internal.Utils - [TestNG] Running:
  C:\Users\admin\IdeaProjects\OpenCartFramework\crossbrowserParelleltestng.xml

2026-05-21 12:52:10 [TestNG-tests-1] INFO  testCases.TC001_AccountRegistrationTest - **** Starting TC001_AccountRegistrationTest ****
2026-05-21 12:52:11 [TestNG-tests-1] INFO  testCases.TC001_AccountRegistrationTest - Clicked on Myaccount Link..
2026-05-21 12:52:12 [TestNG-tests-1] INFO  testCases.TC001_AccountRegistrationTest - Clicked on Register Link..
2026-05-21 12:52:12 [TestNG-tests-1] INFO  testCases.TC001_AccountRegistrationTest - Providing customer details..
2026-05-21 12:52:17 [TestNG-tests-1] INFO  testCases.TC001_AccountRegistrationTest - Validating expected message..
2026-05-21 12:52:17 [TestNG-tests-1] INFO  testCases.TC001_AccountRegistrationTest - **** finished TC001_AccountRegistrationTest ****
2026-05-21 12:52:47 [TestNG-tests-3] INFO  testCases.TC001_AccountRegistrationTest - **** Starting TC001_AccountRegistrationTest ****
2026-05-21 12:52:48 [TestNG-tests-3] INFO  testCases.TC001_AccountRegistrationTest - Clicked on Myaccount Link..
2026-05-21 12:52:49 [TestNG-tests-3] INFO  testCases.TC001_AccountRegistrationTest - Clicked on Register Link..
2026-05-21 12:52:49 [TestNG-tests-3] INFO  testCases.TC001_AccountRegistrationTest - Providing customer details..
2026-05-21 12:52:53 [TestNG-tests-3] INFO  testCases.TC001_AccountRegistrationTest - Validating expected message..
2026-05-21 12:52:53 [TestNG-tests-3] INFO  testCases.TC001_AccountRegistrationTest - **** finished TC001_AccountRegistrationTest ****
2026-05-21 12:53:15 [main] INFO  org.testng.internal.Utils - [TestNG] Running:
  C:\Users\admin\IdeaProjects\OpenCartFramework\grouping.xml

2026-05-21 12:56:05 [main] INFO  org.testng.internal.Utils - [TestNG] Running:
  C:\Users\admin\IdeaProjects\OpenCartFramework\grouping.xml

2026-05-21 13:11:35 [main] INFO  org.testng.internal.Utils - [TestNG] Running:
  C:\Users\admin\IdeaProjects\OpenCartFramework\grouping.xml

2026-05-21 13:15:58 [main] INFO  org.testng.internal.Utils - [TestNG] Running:
  C:\Users\admin\IdeaProjects\OpenCartFramework\grouping.xml

2026-05-21 13:16:22 [main] INFO  testCases.TC001_AccountRegistrationTest - **** Starting TC001_AccountRegistrationTest ****
2026-05-21 13:16:22 [main] INFO  testCases.TC001_AccountRegistrationTest - Clicked on Myaccount Link..
2026-05-21 13:16:23 [main] INFO  testCases.TC001_AccountRegistrationTest - Clicked on Register Link..
2026-05-21 13:16:23 [main] INFO  testCases.TC001_AccountRegistrationTest - Providing customer details..
2026-05-21 13:16:25 [main] INFO  testCases.TC001_AccountRegistrationTest - Validating expected message..
2026-05-21 13:16:26 [main] INFO  testCases.TC001_AccountRegistrationTest - **** finished TC001_AccountRegistrationTest ****
2026-05-21 13:16:29 [main] INFO  testCases.TC002_LoginTest - *** Starting TC002_LoginTest ***
2026-05-21 13:16:36 [main] INFO  testCases.TC002_LoginTest - *** Finished TC002_LoginTest ***
2026-05-21 13:17:49 [main] INFO  org.testng.internal.Utils - [TestNG] Running:
  C:\Users\admin\IdeaProjects\OpenCartFramework\grouping.xml

2026-05-21 13:17:54 [main] INFO  testCases.TC001_AccountRegistrationTest - **** Starting TC001_AccountRegistrationTest ****
2026-05-21 13:17:55 [main] INFO  testCases.TC001_AccountRegistrationTest - Clicked on Myaccount Link..
2026-05-21 13:17:55 [main] INFO  testCases.TC001_AccountRegistrationTest - Clicked on Register Link..
2026-05-21 13:17:55 [main] INFO  testCases.TC001_AccountRegistrationTest - Providing customer details..
2026-05-21 13:17:58 [main] INFO  testCases.TC001_AccountRegistrationTest - Validating expected message..
2026-05-21 13:17:58 [main] INFO  testCases.TC001_AccountRegistrationTest - **** finished TC001_AccountRegistrationTest ****
2026-05-21 13:18:01 [main] INFO  testCases.TC002_LoginTest - *** Starting TC002_LoginTest ***
2026-05-21 13:18:08 [main] INFO  testCases.TC002_LoginTest - *** Finished TC002_LoginTest ***
2026-05-21 13:20:24 [main] INFO  org.testng.internal.Utils - [TestNG] Running:
  C:\Users\admin\IdeaProjects\OpenCartFramework\crossbrowserParelleltestng.xml

2026-05-21 13:20:25 [TestNG-tests-3] INFO  testCases.TC001_AccountRegistrationTest - **** Starting TC001_AccountRegistrationTest ****
2026-05-21 13:20:34 [TestNG-tests-1] INFO  testCases.TC001_AccountRegistrationTest - **** Starting TC001_AccountRegistrationTest ****
2026-05-21 13:20:34 [TestNG-tests-1] INFO  testCases.TC001_AccountRegistrationTest - Clicked on Myaccount Link..
2026-05-21 13:20:36 [TestNG-tests-1] INFO  testCases.TC001_AccountRegistrationTest - Clicked on Register Link..
2026-05-21 13:20:36 [TestNG-tests-1] INFO  testCases.TC001_AccountRegistrationTest - Providing customer details..
2026-05-21 13:20:40 [TestNG-tests-2] INFO  testCases.TC001_AccountRegistrationTest - **** Starting TC001_AccountRegistrationTest ****
2026-05-21 13:20:41 [TestNG-tests-2] INFO  testCases.TC001_AccountRegistrationTest - Clicked on Myaccount Link..
2026-05-21 13:20:41 [TestNG-tests-1] INFO  testCases.TC001_AccountRegistrationTest - Validating expected message..
2026-05-21 13:20:41 [TestNG-tests-1] INFO  testCases.TC001_AccountRegistrationTest - **** finished TC001_AccountRegistrationTest ****
2026-05-21 13:20:42 [TestNG-tests-2] INFO  testCases.TC001_AccountRegistrationTest - Clicked on Register Link..
2026-05-21 13:20:42 [TestNG-tests-2] INFO  testCases.TC001_AccountRegistrationTest - Providing customer details..
